
> anglemaster@0.1.0 build
> next build

node.exe : "next" no se 
reconoce como un comando 
interno o externo,
En línea: 1 Carácter: 1
+ & "C:\Program 
Files\nodejs/node.exe" 
"C:\Program 
Files\nodejs/node_mo ...
+ ~~~~~~~~~~~~~~~~~~~~~~~~~
~~~~~~~~~~~~~~~~~~~~~~~~~~~
~~~~~~~~~~~~~~~~~
    + CategoryInfo         
     : NotSpecified: ("ne  
  xt" no se re...erno o    
 externo,:String) [], R    
emoteException
    + FullyQualifiedErrorI 
   d : NativeCommandError
 
programa o archivo por 
lotes ejecutable.
